p6-5\7\7.py
p6-5\7\7.py
p6-5\7\7.py
p6-5\8\8.py
p6-5\8\8.py
p6-5\8\8.py
p6-5\8\8.py
p6-5\8\8.py
p6-5\8\8.py
p6-5\9\9.py
p6-5\9\9.py
p6-5\9\9.py
p6-5\9\9.py
p6-5\9\9.py
p6-5/9\9.py
p6-5/9\9.py
p6-5\11\11.py
p6-5\11\11.py
p6-5\11\11.py
p6-5\11\11.py
p6-5\11\11.py
p6-6\2\2.py
p6-6\3\3.py
p6-6\3\3.py
p6-6\3\3.py
p6-6\4\4.py
p6-8\1\1.py
p6-8\1\1.py
p6-8\1\1.py
p6-8\2\2.py
p6-8\2\2.py
p6-8\2\2.py
p6-8\3\3.py
p6-8\3\3.py
p6-8\4\4.py
p6-8\5\5.py
p6-8\5\5.py
p6-8\6\6.py
p6-8\6\6.py
p6-8\6\6.py
p6-8\6\6.py
p6-8\6\6.py
p6-8\6\6.py
p6-8\6\6.py
p6-8\6\6.py
p6-8\6\6.py
p7-1\1\1.py
p7-1\1\1.py
p7-1\1\1.py
p7-1\6\6.py
p7-1\6\6.py
p7-1\6\6.py
p7-1\6\6.py
p7-2\1\1.py
p7-2\1\1.py
p7-2\1\1.py
p7-2\2\2.py
p7-2\2\2.py
p7-2\4\4.py
p7-3\2\2.py
p7-3\2\2.py
p7-3\3\3.py
p7-3\3\3.py
p7-3\5\5.py
p7-3\5\5.py
p7-3\5\5.py
p7-3\5\5.py
p7-3\5\5.py
p7-3\5\5.py
p7-3\5\5.py
p7-3\5\5.py
p7-3\6\6.py
p7-3\7\7.py
p7-3\7\7.py
p7-3\7\7.py
p7-3\7\7.py
p7-3\7\7.py
p7-3/8/8.py
p7-3/8/8.py
p7-3/8/8.py
p7-3/8/8.py
p7-3/8/8.py
p7-4/4/4.py
p7-4/5/5.py
p7-4/5/5.py
p7-4/5/5.py
p7-4/5/5.py
p7-4/5/5.py
p7-4/5/5.py
p7-4/5/5.py
p7-4/5/5.py
p7-4/5/5.py
p7-4/5/5.py
p7-4/6/6.py
p7-4/8/8.py
p7-4/8/8.py
p7-5/1/1.py
p7-5/1/1.py
p7-5/1/1.py
p7-5/1/1.py
p7-5/2/2.py
p7-5/2/2.py
p7-5/3/3.py
p7-5/3/3.py
p7-5/3/3.py
p7-5/3/3.py
p7-5/3/3.py
p7-5/3/3.py
p7-5/5/5.py
p7-5/5/5.py
p7-5/6/6.py
p7-5/6/6.py
p7-5/6/6.py
p7-5/8/8.py
p7-5/8/8.py
p7-5/8/8.py
p7-5/8/8.py
p7-5/8/8.py
p7-5/8/8.py
p7-5/8/8.py
p7-5/8/8.py
p7-5/8/8.py
p7-5/8/8.py
p7-5/8/8.py
p7-5/8/8.py
p7-5/8/8.py
p7-5/8/8.py
p7-5/8/8.py
p7-5/8/8.py
p7-5/8/8.py
p7-6/1/1.py
p7-6/1/1.py
p7-6/3/3.py
p7-6/3/3.py
p7-6/5/5.py
p7-6/5/5.py
p7-6/5/5.py
p7-7/1/1.py
p7-7/1/1.py
p7-7/1/1.py
p7-7/2/2.py
p7-7/3/3.py
p7-8/2/2.py
p7-8/2/2.py
p7-8/2/2.py
p7-8/3/3.py
p7-8/3/3.py
p7-8/3/3.py
p7-8/3/3.py
p7-8/3/3.py
p7-8/3/3.py
p7-8/3/3.py
p7-8/4/4.py
p7-8/4/4.py
p7-8/4/4.py
p7-8/4/4.py
p7-8/4/4.py
p7-8/4/4.py
p7-8/5/5.py
p7-8/5/5.py
p8-1/1/1.py
p8-1/1/1.py
p8-1/1/1.py
p8-2/1/1.py
p8-2/2/2.py
p8-2/2/2.py
p8-2/3/3.py
p8-3/1/1.py
p8-3/2/2.py
p8-4/1/1.py
p8-4/2/2.py
p8-4/3/3.py
p8-4/3/3.py
p8-4/6/6.py
p8-4/6/6.py
p8-4/6/6.py
p8-4/6/6.py
p8-4/6/6.py
p8-4/6/6.py
p8-4/6/6.py
p8-4/6/6.py
p8-4/6/6.py
p8-4/7/7.py
p8-5/1/1.py
p8-5/1/1.py
p8-5/2/2.py
p8-5/4/4.py
p8-5/4/4.py
p8-5/6/6.py
p8-5/6/6.py
p8-5/7/7.py
p8-5/7/7.py
p8-6/1/1.py
p8-6/1/1.py
p8-6/2/2.py
p8-6/3/3.py
p8-7/2/2.py
p8-7/2/2.py
p8-7/3/3.py
p8-7/3/3.py
p8-7/3/3.py
p8-7/4/4.py
p8-7/4/4.py
p9-1/2/2.py
p9-1/2/2.py
p9-1/2/2.py
p9-1/3/3.py
p9-1/3/3.py
p9-1/5/5.py
